// Jest Snapshot v1, https://goo.gl/fbAQLP

exports[`<OrderItem /> should render correctly 1`] = `
<div
  class="css-1ldu4iu"
>
  <div
    class="css-0"
  >
    2021-03-10
  </div>
  <div
    class="css-1dlse9"
  >
    CREW SWEATSHIRT
     
     
  </div>
  <div
    class="css-1kewfy7"
  >
    DELIVERED
  </div>
</div>
`;
